// Jest Snapshot v1, https://goo.gl/fbAQLP

exports[`<Suggestion /> renders the content properly 1`] = `
<div>
  <button
    class="MuiButton-root MuiButton-contained MuiButton-containedPrimary MuiButton-sizeMedium MuiButton-containedSizeMedium MuiButtonBase-root css-19efffc-MuiButtonBase-root-MuiButton-root"
    tabindex="0"
    type="button"
  >
    <div
      class="css-u0quxs-MuiStack-root"
    >
      <div
        class="css-195cbcv"
      >
        <div
          class="MuiAvatar-root MuiAvatar-circular MuiAvatar-colorDefault css-1d4sk8a-MuiAvatar-root"
        >
          <svg
            aria-hidden="true"
            class="MuiSvgIcon-root MuiSvgIcon-fontSizeMedium MuiAvatar-fallback css-4p5aps-MuiSvgIcon-root-MuiAvatar-fallback"
            data-testid="PersonIcon"
            focusable="false"
            viewBox="0 0 24 24"
          >
            <path
              d="M12 12c2.21 0 4-1.79 4-4s-1.79-4-4-4-4 1.79-4 4 1.79 4 4 4zm0 2c-2.67 0-8 1.34-8 4v2h16v-2c0-2.66-5.33-4-8-4z"
            />
          </svg>
        </div>
        <div
          class="MuiAvatar-root MuiAvatar-circular css-15vrgjq-MuiAvatar-root"
        >
          <img
            alt="user following avatar"
            class="MuiAvatar-img css-1pqm26d-MuiAvatar-img"
            src="https://github.com/JohnDoe.jpg"
          />
        </div>
      </div>
      <h5
        class="MuiTypography-root MuiTypography-h5 css-1ntgs97-MuiTypography-root"
      >
        John Doe
      </h5>
    </div>
    <span
      class="MuiTouchRipple-root css-8je8zh-MuiTouchRipple-root"
    />
  </button>
</div>
`;
